
There are no discarded input sections

Memory Configuration

Name             Origin             Length             Attributes
*default*        0x00000000         0xffffffff

Linker script and memory map

LOAD /var/folders/gm/sdqy_mrj5bd2v6hp221j6njm0000gn/T//ccziIhuw.o
LOAD /var/folders/gm/sdqy_mrj5bd2v6hp221j6njm0000gn/T//ccglqnNR.o

.memory         0x00000000      0x218
                0x00000000                        . = 0x0
 *(.init)
 .init          0x00000000       0x10 /var/folders/gm/sdqy_mrj5bd2v6hp221j6njm0000gn/T//ccziIhuw.o
 *(.text)
 .text          0x00000010        0x0 /var/folders/gm/sdqy_mrj5bd2v6hp221j6njm0000gn/T//ccziIhuw.o
 .text          0x00000010      0x130 /var/folders/gm/sdqy_mrj5bd2v6hp221j6njm0000gn/T//ccglqnNR.o
                0x00000010                memcpy
                0x00000034                memset
                0x00000050                write_gpio
                0x0000005c                swap
                0x00000070                partition
                0x000000dc                quicksort
 *(*)
 .data          0x00000140        0x0 /var/folders/gm/sdqy_mrj5bd2v6hp221j6njm0000gn/T//ccziIhuw.o
 .bss           0x00000140        0x0 /var/folders/gm/sdqy_mrj5bd2v6hp221j6njm0000gn/T//ccziIhuw.o
 .riscv.attributes
                0x00000140       0x1a /var/folders/gm/sdqy_mrj5bd2v6hp221j6njm0000gn/T//ccziIhuw.o
 .data          0x0000015a        0x0 /var/folders/gm/sdqy_mrj5bd2v6hp221j6njm0000gn/T//ccglqnNR.o
 .bss           0x0000015a        0x0 /var/folders/gm/sdqy_mrj5bd2v6hp221j6njm0000gn/T//ccglqnNR.o
 *fill*         0x0000015a        0x2 
 .text.startup  0x0000015c       0x5c /var/folders/gm/sdqy_mrj5bd2v6hp221j6njm0000gn/T//ccglqnNR.o
                0x0000015c                main
 .rodata        0x000001b8       0x28 /var/folders/gm/sdqy_mrj5bd2v6hp221j6njm0000gn/T//ccglqnNR.o
 .comment       0x000001e0       0x19 /var/folders/gm/sdqy_mrj5bd2v6hp221j6njm0000gn/T//ccglqnNR.o
                                 0x1a (size before relaxing)
 .note.GNU-stack
                0x000001f9        0x0 /var/folders/gm/sdqy_mrj5bd2v6hp221j6njm0000gn/T//ccglqnNR.o
 .riscv.attributes
                0x000001f9       0x1c /var/folders/gm/sdqy_mrj5bd2v6hp221j6njm0000gn/T//ccglqnNR.o
                0x00000218                        . = ALIGN (0x4)
 *fill*         0x00000215        0x3 
                0x00000218                        end = .
LOAD /opt/homebrew/Cellar/riscv-gnu-toolchain/main/lib/gcc/riscv64-unknown-elf/15.1.0/rv32i/ilp32/libgcc.a
OUTPUT(./firmware/firmware.elf elf32-littleriscv)
